// Jest Snapshot v1, https://goo.gl/fbAQLP

exports[`BpkCalendar should render correctly 1`] = `
<div
  className="bpk-calendar-grid-transition"
>
  <div
    className="bpk-calendar-grid-transition__strip"
    onTransitionEnd={[Function]}
    style={
      Object {
        "MozTransform": "translateX(-18.375rem)",
        "WebkitTransform": "translateX(-18.375rem)",
        "msTransform": "translateX(-18.375rem)",
        "transform": "translateX(-18.375rem)",
      }
    }
  >
    <div
      className="bpk-calendar-grid-transition__dummy"
    />
    <div
      className="bpk-calendar-grid-transition__dummy"
    />
    <div
      className="bpk-calendar-grid-transition__dummy"
    />
  </div>
</div>
`;
